================================================================
  History Stages - Diagnostic Report
  Generated: 2026-10-09 01:34:25
  Mod Version: 6.0.2-1.21.1
  Minecraft NeoForge: 21.1.251
================================================================

  Global stages loaded:     0
  Individual stages loaded: 1
  Total issues:             1  (Errors: 0  |  Warnings: 0  |  Info: 1)

  Total entries across global stages:
    historystages:items: 0
    historystages:fluids: 0
    historystages:tags: 0
    historystages:mods: 0
    historystages:mod_exceptions: 0
    historystages:recipes: 0
    historystages:dimensions: 0
    historystages:attacklock: 0
    historystages:spawnlock: 0
    historystages:interactionlock: 0
    historystages:trades: 0
    historystages:trade_professions: 0
    historystages:trade_levels: 0
    historystages:structures: 0
    historystages:biomes: 0
    historystages:zones: 0

================================================================
  ISSUES
================================================================

--- File Names ---------------------------------------------

  [INFO]  'Smith0.json' contains uppercase letters. Use lowercase for consistency (e.g. 'smith0.json').

================================================================
  LOADED GLOBAL STAGES (0)
================================================================

================================================================
  LOADED INDIVIDUAL STAGES (1)
================================================================

--- Smith0 (Beginner Smith) ------------------------------
  Mode: auto
  Research time: 20s (custom)
  Total entries: 1
  Recipes (1):
    - tfc:crafting/metal/pickaxe/copper_specialized
  Auto-trigger (1, mode=any):
    - item: ItemTrigger[id=tfc:metal/pickaxe/copper]

================================================================
  CONFIG SNAPSHOT
================================================================

  [common]
    lockMobLoot          = true
    lockBlockBreaking    = true
    lockBlockBreakSpeed  = 0.05
    lockItemUsage        = true
    lockEntityItems      = true
    lockBlockInteraction = true
    researchTimeSeconds  = 20
    useReplacements      = false
    broadcastChat        = true
    useSounds            = true
    useToasts            = true
    showDebugErrors      = true
    enableRuntimeLogging = false

================================================================
  This file was auto-generated by History Stages.
  It is created when issues are found during stage loading.
  Share this file when reporting bugs.

  Global stages:     config/historystages/global/
  Individual stages: config/historystages/individual/
  Log files:         config/historystages/logs/
  Disable chat debug messages: showDebugErrors=false
  in config/historystages/settings/gameplay.toml
================================================================
